Archive member included because of file (symbol)

c:/program files (x86)/atmel/atmel toolchain/avr8 gcc/native/3.4.1061/avr8-gnu-toolchain/bin/../lib/gcc/avr/4.8.1/avr4\libgcc.a(_mulsi3.o)
                              AtmegaRom.o (__mulsi3)
c:/program files (x86)/atmel/atmel toolchain/avr8 gcc/native/3.4.1061/avr8-gnu-toolchain/bin/../lib/gcc/avr/4.8.1/avr4\libgcc.a(_udivmodsi4.o)
                              AtmegaRom.o (__udivmodsi4)
c:/program files (x86)/atmel/atmel toolchain/avr8 gcc/native/3.4.1061/avr8-gnu-toolchain/bin/../lib/gcc/avr/4.8.1/avr4\libgcc.a(_exit.o)
                              c:/program files (x86)/atmel/atmel toolchain/avr8 gcc/native/3.4.1061/avr8-gnu-toolchain/bin/../lib/gcc/avr/4.8.1/../../../../avr/lib/avr4/crtm88.o (exit)
c:/program files (x86)/atmel/atmel toolchain/avr8 gcc/native/3.4.1061/avr8-gnu-toolchain/bin/../lib/gcc/avr/4.8.1/avr4\libgcc.a(_copy_data.o)
                              AtmegaRom.o (__do_copy_data)
c:/program files (x86)/atmel/atmel toolchain/avr8 gcc/native/3.4.1061/avr8-gnu-toolchain/bin/../lib/gcc/avr/4.8.1/avr4\libgcc.a(_clear_bss.o)
                              AtmegaRom.o (__do_clear_bss)
c:/program files (x86)/atmel/atmel toolchain/avr8 gcc/native/3.4.1061/avr8-gnu-toolchain/bin/../lib/gcc/avr/4.8.1/avr4\libgcc.a(_ctors.o)
                              AtmegaRom.o (__do_global_ctors)
c:/program files (x86)/atmel/atmel toolchain/avr8 gcc/native/3.4.1061/avr8-gnu-toolchain/bin/../lib/gcc/avr/4.8.1/avr4\libgcc.a(_dtors.o)
                              AtmegaRom.o (__do_global_dtors)
c:/program files (x86)/atmel/atmel toolchain/avr8 gcc/native/3.4.1061/avr8-gnu-toolchain/bin/../lib/gcc/avr/4.8.1/avr4\libgcc.a(_muluhisi3.o)
                              c:/program files (x86)/atmel/atmel toolchain/avr8 gcc/native/3.4.1061/avr8-gnu-toolchain/bin/../lib/gcc/avr/4.8.1/avr4\libgcc.a(_mulsi3.o) (__muluhisi3)
c:/program files (x86)/atmel/atmel toolchain/avr8 gcc/native/3.4.1061/avr8-gnu-toolchain/bin/../lib/gcc/avr/4.8.1/avr4\libgcc.a(_udivdi3.o)
                              TimerDriver.o (__udivdi3)
c:/program files (x86)/atmel/atmel toolchain/avr8 gcc/native/3.4.1061/avr8-gnu-toolchain/bin/../lib/gcc/avr/4.8.1/avr4\libgcc.a(_udivmod64.o)
                              c:/program files (x86)/atmel/atmel toolchain/avr8 gcc/native/3.4.1061/avr8-gnu-toolchain/bin/../lib/gcc/avr/4.8.1/avr4\libgcc.a(_udivdi3.o) (__udivmod64)
c:/program files (x86)/atmel/atmel toolchain/avr8 gcc/native/3.4.1061/avr8-gnu-toolchain/bin/../lib/gcc/avr/4.8.1/avr4\libgcc.a(_tablejump.o)
                              c:/program files (x86)/atmel/atmel toolchain/avr8 gcc/native/3.4.1061/avr8-gnu-toolchain/bin/../lib/gcc/avr/4.8.1/avr4\libgcc.a(_ctors.o) (__tablejump__)
c:/program files (x86)/atmel/atmel toolchain/avr8 gcc/native/3.4.1061/avr8-gnu-toolchain/bin/../lib/gcc/avr/4.8.1/avr4\libgcc.a(_umulhisi3.o)
                              c:/program files (x86)/atmel/atmel toolchain/avr8 gcc/native/3.4.1061/avr8-gnu-toolchain/bin/../lib/gcc/avr/4.8.1/avr4\libgcc.a(_muluhisi3.o) (__umulhisi3)

Discarded input sections

 .data          0x00000000        0x0 c:/program files (x86)/atmel/atmel toolchain/avr8 gcc/native/3.4.1061/avr8-gnu-toolchain/bin/../lib/gcc/avr/4.8.1/../../../../avr/lib/avr4/crtm88.o
 .bss           0x00000000        0x0 c:/program files (x86)/atmel/atmel toolchain/avr8 gcc/native/3.4.1061/avr8-gnu-toolchain/bin/../lib/gcc/avr/4.8.1/../../../../avr/lib/avr4/crtm88.o
 .text          0x00000000        0x0 AtmegaRom.o
 .data          0x00000000        0x0 AtmegaRom.o
 .bss           0x00000000        0x0 AtmegaRom.o
 .text._Z23WaitForTHeCommunicationv
                0x00000000       0x10 AtmegaRom.o
 .text._Z13dummyFunctionc
                0x00000000        0x4 AtmegaRom.o
 .text          0x00000000        0x0 DebugLib.o
 .data          0x00000000        0x0 DebugLib.o
 .bss           0x00000000        0x0 DebugLib.o
 .text._Z8DeadLoopv
                0x00000000        0xa DebugLib.o
 .data.VolatileTrue
                0x00000000        0x1 DebugLib.o
 .comment       0x00000000       0x31 DebugLib.o
 .text          0x00000000        0x0 GlobalServicesTable.o
 .data          0x00000000        0x0 GlobalServicesTable.o
 .bss           0x00000000        0x0 GlobalServicesTable.o
 .text          0x00000000        0x0 MotorDriver.o
 .data          0x00000000        0x0 MotorDriver.o
 .bss           0x00000000        0x0 MotorDriver.o
 .text._ZN11MotorDriver8HitBreakEv
                0x00000000        0x2 MotorDriver.o
 .text          0x00000000        0x0 SerialCommunication.o
 .data          0x00000000        0x0 SerialCommunication.o
 .bss           0x00000000        0x0 SerialCommunication.o
 .text          0x00000000        0x0 SerialDriver.o
 .data          0x00000000        0x0 SerialDriver.o
 .bss           0x00000000        0x0 SerialDriver.o
 .text._ZN12SerialDriver20SetRxSampleClockEdgeE10EdgeSelect
                0x00000000       0x14 SerialDriver.o
 .text._ZN12SerialDriver15EnableIterruptsEv
                0x00000000        0xa SerialDriver.o
 .text._ZN12SerialDriver24EnableMultiProcessorModeEv
                0x00000000        0xa SerialDriver.o
 .text._ZN12SerialDriver25DisableMultiProcessorModeEv
                0x00000000        0xa SerialDriver.o
 .text._ZN12SerialDriver13_Enable2xModeEv
                0x00000000        0xa SerialDriver.o
 .text._ZN12SerialDriver14_Disable2xModeEv
                0x00000000        0xa SerialDriver.o
 .text._ZN12SerialDriver17EnableRxInterruptEv
                0x00000000        0xa SerialDriver.o
 .text._ZN12SerialDriver17EnableTxInterruptEv
                0x00000000        0xa SerialDriver.o
 .text._ZN12SerialDriver17DisableInterruptsEv
                0x00000000        0xa SerialDriver.o
 .text          0x00000000        0x0 TimerDriver.o
 .data          0x00000000        0x0 TimerDriver.o
 .bss           0x00000000        0x0 TimerDriver.o
 .text._ZN11TimerDriver29_ComputeInterruptMaskRegisterEv
                0x00000000        0xc TimerDriver.o
 .text._ZN11TimerDriver34_ComputeOutputCompareModeRegistersEv
                0x00000000        0xa TimerDriver.o
 .text._ZN11TimerDriver37_ComputeOutputCompareAControlRegisterEv
                0x00000000        0xa TimerDriver.o
 .text._ZN11TimerDriver37_ComputeOutputCompareBControlRegisterEv
                0x00000000        0xa TimerDriver.o
 .text          0x00000000        0x0 TimerEventDispatcher.o
 .data          0x00000000        0x0 TimerEventDispatcher.o
 .bss           0x00000000        0x0 TimerEventDispatcher.o
 .text._ZN20TimerEventDispatcher12DestroyEventEP12_TIMER_EVENT
                0x00000000        0x6 TimerEventDispatcher.o
 .text          0x00000000        0x0 c:/program files (x86)/atmel/atmel toolchain/avr8 gcc/native/3.4.1061/avr8-gnu-toolchain/bin/../lib/gcc/avr/4.8.1/avr4\libgcc.a(_mulsi3.o)
 .data          0x00000000        0x0 c:/program files (x86)/atmel/atmel toolchain/avr8 gcc/native/3.4.1061/avr8-gnu-toolchain/bin/../lib/gcc/avr/4.8.1/avr4\libgcc.a(_mulsi3.o)
 .bss           0x00000000        0x0 c:/program files (x86)/atmel/atmel toolchain/avr8 gcc/native/3.4.1061/avr8-gnu-toolchain/bin/../lib/gcc/avr/4.8.1/avr4\libgcc.a(_mulsi3.o)
 .text.libgcc.div
                0x00000000        0x0 c:/program files (x86)/atmel/atmel toolchain/avr8 gcc/native/3.4.1061/avr8-gnu-toolchain/bin/../lib/gcc/avr/4.8.1/avr4\libgcc.a(_mulsi3.o)
 .text.libgcc   0x00000000        0x0 c:/program files (x86)/atmel/atmel toolchain/avr8 gcc/native/3.4.1061/avr8-gnu-toolchain/bin/../lib/gcc/avr/4.8.1/avr4\libgcc.a(_mulsi3.o)
 .text.libgcc.prologue
                0x00000000        0x0 c:/program files (x86)/atmel/atmel toolchain/avr8 gcc/native/3.4.1061/avr8-gnu-toolchain/bin/../lib/gcc/avr/4.8.1/avr4\libgcc.a(_mulsi3.o)
 .text.libgcc.builtins
                0x00000000        0x0 c:/program files (x86)/atmel/atmel toolchain/avr8 gcc/native/3.4.1061/avr8-gnu-toolchain/bin/../lib/gcc/avr/4.8.1/avr4\libgcc.a(_mulsi3.o)
 .text.libgcc.fmul
                0x00000000        0x0 c:/program files (x86)/atmel/atmel toolchain/avr8 gcc/native/3.4.1061/avr8-gnu-toolchain/bin/../lib/gcc/avr/4.8.1/avr4\libgcc.a(_mulsi3.o)
 .text.libgcc.fixed
                0x00000000        0x0 c:/program files (x86)/atmel/atmel toolchain/avr8 gcc/native/3.4.1061/avr8-gnu-toolchain/bin/../lib/gcc/avr/4.8.1/avr4\libgcc.a(_mulsi3.o)
 .text          0x00000000        0x0 c:/program files (x86)/atmel/atmel toolchain/avr8 gcc/native/3.4.1061/avr8-gnu-toolchain/bin/../lib/gcc/avr/4.8.1/avr4\libgcc.a(_udivmodsi4.o)
 .data          0x00000000        0x0 c:/program files (x86)/atmel/atmel toolchain/avr8 gcc/native/3.4.1061/avr8-gnu-toolchain/bin/../lib/gcc/avr/4.8.1/avr4\libgcc.a(_udivmodsi4.o)
 .bss           0x00000000        0x0 c:/program files (x86)/atmel/atmel toolchain/avr8 gcc/native/3.4.1061/avr8-gnu-toolchain/bin/../lib/gcc/avr/4.8.1/avr4\libgcc.a(_udivmodsi4.o)
 .text.libgcc.mul
                0x00000000        0x0 c:/program files (x86)/atmel/atmel toolchain/avr8 gcc/native/3.4.1061/avr8-gnu-toolchain/bin/../lib/gcc/avr/4.8.1/avr4\libgcc.a(_udivmodsi4.o)
 .text.libgcc   0x00000000        0x0 c:/program files (x86)/atmel/atmel toolchain/avr8 gcc/native/3.4.1061/avr8-gnu-toolchain/bin/../lib/gcc/avr/4.8.1/avr4\libgcc.a(_udivmodsi4.o)
 .text.libgcc.prologue
                0x00000000        0x0 c:/program files (x86)/atmel/atmel toolchain/avr8 gcc/native/3.4.1061/avr8-gnu-toolchain/bin/../lib/gcc/avr/4.8.1/avr4\libgcc.a(_udivmodsi4.o)
 .text.libgcc.builtins
                0x00000000        0x0 c:/program files (x86)/atmel/atmel toolchain/avr8 gcc/native/3.4.1061/avr8-gnu-toolchain/bin/../lib/gcc/avr/4.8.1/avr4\libgcc.a(_udivmodsi4.o)
 .text.libgcc.fmul
                0x00000000        0x0 c:/program files (x86)/atmel/atmel toolchain/avr8 gcc/native/3.4.1061/avr8-gnu-toolchain/bin/../lib/gcc/avr/4.8.1/avr4\libgcc.a(_udivmodsi4.o)
 .text.libgcc.fixed
                0x00000000        0x0 c:/program files (x86)/atmel/atmel toolchain/avr8 gcc/native/3.4.1061/avr8-gnu-toolchain/bin/../lib/gcc/avr/4.8.1/avr4\libgcc.a(_udivmodsi4.o)
 .text          0x00000000        0x0 c:/program files (x86)/atmel/atmel toolchain/avr8 gcc/native/3.4.1061/avr8-gnu-toolchain/bin/../lib/gcc/avr/4.8.1/avr4\libgcc.a(_exit.o)
 .data          0x00000000        0x0 c:/program files (x86)/atmel/atmel toolchain/avr8 gcc/native/3.4.1061/avr8-gnu-toolchain/bin/../lib/gcc/avr/4.8.1/avr4\libgcc.a(_exit.o)
 .bss           0x00000000        0x0 c:/program files (x86)/atmel/atmel toolchain/avr8 gcc/native/3.4.1061/avr8-gnu-toolchain/bin/../lib/gcc/avr/4.8.1/avr4\libgcc.a(_exit.o)
 .text.libgcc.mul
                0x00000000        0x0 c:/program files (x86)/atmel/atmel toolchain/avr8 gcc/native/3.4.1061/avr8-gnu-toolchain/bin/../lib/gcc/avr/4.8.1/avr4\libgcc.a(_exit.o)
 .text.libgcc.div
                0x00000000        0x0 c:/program files (x86)/atmel/atmel toolchain/avr8 gcc/native/3.4.1061/avr8-gnu-toolchain/bin/../lib/gcc/avr/4.8.1/avr4\libgcc.a(_exit.o)
 .text.libgcc   0x00000000        0x0 c:/program files (x86)/atmel/atmel toolchain/avr8 gcc/native/3.4.1061/avr8-gnu-toolchain/bin/../lib/gcc/avr/4.8.1/avr4\libgcc.a(_exit.o)
 .text.libgcc.prologue
                0x00000000        0x0 c:/program files (x86)/atmel/atmel toolchain/avr8 gcc/native/3.4.1061/avr8-gnu-toolchain/bin/../lib/gcc/avr/4.8.1/avr4\libgcc.a(_exit.o)
 .text.libgcc.builtins
                0x00000000        0x0 c:/program files (x86)/atmel/atmel toolchain/avr8 gcc/native/3.4.1061/avr8-gnu-toolchain/bin/../lib/gcc/avr/4.8.1/avr4\libgcc.a(_exit.o)
 .text.libgcc.fmul
                0x00000000        0x0 c:/program files (x86)/atmel/atmel toolchain/avr8 gcc/native/3.4.1061/avr8-gnu-toolchain/bin/../lib/gcc/avr/4.8.1/avr4\libgcc.a(_exit.o)
 .text.libgcc.fixed
                0x00000000        0x0 c:/program files (x86)/atmel/atmel toolchain/avr8 gcc/native/3.4.1061/avr8-gnu-toolchain/bin/../lib/gcc/avr/4.8.1/avr4\libgcc.a(_exit.o)
 .text          0x00000000        0x0 c:/program files (x86)/atmel/atmel toolchain/avr8 gcc/native/3.4.1061/avr8-gnu-toolchain/bin/../lib/gcc/avr/4.8.1/avr4\libgcc.a(_copy_data.o)
 .data          0x00000000        0x0 c:/program files (x86)/atmel/atmel toolchain/avr8 gcc/native/3.4.1061/avr8-gnu-toolchain/bin/../lib/gcc/avr/4.8.1/avr4\libgcc.a(_copy_data.o)
 .bss           0x00000000        0x0 c:/program files (x86)/atmel/atmel toolchain/avr8 gcc/native/3.4.1061/avr8-gnu-toolchain/bin/../lib/gcc/avr/4.8.1/avr4\libgcc.a(_copy_data.o)
 .text.libgcc.mul
                0x00000000        0x0 c:/program files (x86)/atmel/atmel toolchain/avr8 gcc/native/3.4.1061/avr8-gnu-toolchain/bin/../lib/gcc/avr/4.8.1/avr4\libgcc.a(_copy_data.o)
 .text.libgcc.div
                0x00000000        0x0 c:/program files (x86)/atmel/atmel toolchain/avr8 gcc/native/3.4.1061/avr8-gnu-toolchain/bin/../lib/gcc/avr/4.8.1/avr4\libgcc.a(_copy_data.o)
 .text.libgcc   0x00000000        0x0 c:/program files (x86)/atmel/atmel toolchain/avr8 gcc/native/3.4.1061/avr8-gnu-toolchain/bin/../lib/gcc/avr/4.8.1/avr4\libgcc.a(_copy_data.o)
 .text.libgcc.prologue
                0x00000000        0x0 c:/program files (x86)/atmel/atmel toolchain/avr8 gcc/native/3.4.1061/avr8-gnu-toolchain/bin/../lib/gcc/avr/4.8.1/avr4\libgcc.a(_copy_data.o)
 .text.libgcc.builtins
                0x00000000        0x0 c:/program files (x86)/atmel/atmel toolchain/avr8 gcc/native/3.4.1061/avr8-gnu-toolchain/bin/../lib/gcc/avr/4.8.1/avr4\libgcc.a(_copy_data.o)
 .text.libgcc.fmul
                0x00000000        0x0 c:/program files (x86)/atmel/atmel toolchain/avr8 gcc/native/3.4.1061/avr8-gnu-toolchain/bin/../lib/gcc/avr/4.8.1/avr4\libgcc.a(_copy_data.o)
 .text.libgcc.fixed
                0x00000000        0x0 c:/program files (x86)/atmel/atmel toolchain/avr8 gcc/native/3.4.1061/avr8-gnu-toolchain/bin/../lib/gcc/avr/4.8.1/avr4\libgcc.a(_copy_data.o)
 .text          0x00000000        0x0 c:/program files (x86)/atmel/atmel toolchain/avr8 gcc/native/3.4.1061/avr8-gnu-toolchain/bin/../lib/gcc/avr/4.8.1/avr4\libgcc.a(_clear_bss.o)
 .data          0x00000000        0x0 c:/program files (x86)/atmel/atmel toolchain/avr8 gcc/native/3.4.1061/avr8-gnu-toolchain/bin/../lib/gcc/avr/4.8.1/avr4\libgcc.a(_clear_bss.o)
 .bss           0x00000000        0x0 c:/program files (x86)/atmel/atmel toolchain/avr8 gcc/native/3.4.1061/avr8-gnu-toolchain/bin/../lib/gcc/avr/4.8.1/avr4\libgcc.a(_clear_bss.o)
 .text.libgcc.mul
                0x00000000        0x0 c:/program files (x86)/atmel/atmel toolchain/avr8 gcc/native/3.4.1061/avr8-gnu-toolchain/bin/../lib/gcc/avr/4.8.1/avr4\libgcc.a(_clear_bss.o)
 .text.libgcc.div
                0x00000000        0x0 c:/program files (x86)/atmel/atmel toolchain/avr8 gcc/native/3.4.1061/avr8-gnu-toolchain/bin/../lib/gcc/avr/4.8.1/avr4\libgcc.a(_clear_bss.o)
 .text.libgcc   0x00000000        0x0 c:/program files (x86)/atmel/atmel toolchain/avr8 gcc/native/3.4.1061/avr8-gnu-toolchain/bin/../lib/gcc/avr/4.8.1/avr4\libgcc.a(_clear_bss.o)
 .text.libgcc.prologue
                0x00000000        0x0 c:/program files (x86)/atmel/atmel toolchain/avr8 gcc/native/3.4.1061/avr8-gnu-toolchain/bin/../lib/gcc/avr/4.8.1/avr4\libgcc.a(_clear_bss.o)
 .text.libgcc.builtins
                0x00000000        0x0 c:/program files (x86)/atmel/atmel toolchain/avr8 gcc/native/3.4.1061/avr8-gnu-toolchain/bin/../lib/gcc/avr/4.8.1/avr4\libgcc.a(_clear_bss.o)
 .text.libgcc.fmul
                0x00000000        0x0 c:/program files (x86)/atmel/atmel toolchain/avr8 gcc/native/3.4.1061/avr8-gnu-toolchain/bin/../lib/gcc/avr/4.8.1/avr4\libgcc.a(_clear_bss.o)
 .text.libgcc.fixed
                0x00000000        0x0 c:/program files (x86)/atmel/atmel toolchain/avr8 gcc/native/3.4.1061/avr8-gnu-toolchain/bin/../lib/gcc/avr/4.8.1/avr4\libgcc.a(_clear_bss.o)
 .text          0x00000000        0x0 c:/program files (x86)/atmel/atmel toolchain/avr8 gcc/native/3.4.1061/avr8-gnu-toolchain/bin/../lib/gcc/avr/4.8.1/avr4\libgcc.a(_ctors.o)
 .data          0x00000000        0x0 c:/program files (x86)/atmel/atmel toolchain/avr8 gcc/native/3.4.1061/avr8-gnu-toolchain/bin/../lib/gcc/avr/4.8.1/avr4\libgcc.a(_ctors.o)
 .bss           0x00000000        0x0 c:/program files (x86)/atmel/atmel toolchain/avr8 gcc/native/3.4.1061/avr8-gnu-toolchain/bin/../lib/gcc/avr/4.8.1/avr4\libgcc.a(_ctors.o)
 .text.libgcc.mul
                0x00000000        0x0 c:/program files (x86)/atmel/atmel toolchain/avr8 gcc/native/3.4.1061/avr8-gnu-toolchain/bin/../lib/gcc/avr/4.8.1/avr4\libgcc.a(_ctors.o)
 .text.libgcc.div
                0x00000000        0x0 c:/program files (x86)/atmel/atmel toolchain/avr8 gcc/native/3.4.1061/avr8-gnu-toolchain/bin/../lib/gcc/avr/4.8.1/avr4\libgcc.a(_ctors.o)
 .text.libgcc   0x00000000        0x0 c:/program files (x86)/atmel/atmel toolchain/avr8 gcc/native/3.4.1061/avr8-gnu-toolchain/bin/../lib/gcc/avr/4.8.1/avr4\libgcc.a(_ctors.o)
 .text.libgcc.prologue
                0x00000000        0x0 c:/program files (x86)/atmel/atmel toolchain/avr8 gcc/native/3.4.1061/avr8-gnu-toolchain/bin/../lib/gcc/avr/4.8.1/avr4\libgcc.a(_ctors.o)
 .text.libgcc.builtins
                0x00000000        0x0 c:/program files (x86)/atmel/atmel toolchain/avr8 gcc/native/3.4.1061/avr8-gnu-toolchain/bin/../lib/gcc/avr/4.8.1/avr4\libgcc.a(_ctors.o)
 .text.libgcc.fmul
                0x00000000        0x0 c:/program files (x86)/atmel/atmel toolchain/avr8 gcc/native/3.4.1061/avr8-gnu-toolchain/bin/../lib/gcc/avr/4.8.1/avr4\libgcc.a(_ctors.o)
 .text.libgcc.fixed
                0x00000000        0x0 c:/program files (x86)/atmel/atmel toolchain/avr8 gcc/native/3.4.1061/avr8-gnu-toolchain/bin/../lib/gcc/avr/4.8.1/avr4\libgcc.a(_ctors.o)
 .text          0x00000000        0x0 c:/program files (x86)/atmel/atmel toolchain/avr8 gcc/native/3.4.1061/avr8-gnu-toolchain/bin/../lib/gcc/avr/4.8.1/avr4\libgcc.a(_dtors.o)
 .data          0x00000000        0x0 c:/program files (x86)/atmel/atmel toolchain/avr8 gcc/native/3.4.1061/avr8-gnu-toolchain/bin/../lib/gcc/avr/4.8.1/avr4\libgcc.a(_dtors.o)
 .bss           0x00000000        0x0 c:/program files (x86)/atmel/atmel toolchain/avr8 gcc/native/3.4.1061/avr8-gnu-toolchain/bin/../lib/gcc/avr/4.8.1/avr4\libgcc.a(_dtors.o)
 .text.libgcc.mul
                0x00000000        0x0 c:/program files (x86)/atmel/atmel toolchain/avr8 gcc/native/3.4.1061/avr8-gnu-toolchain/bin/../lib/gcc/avr/4.8.1/avr4\libgcc.a(_dtors.o)
 .text.libgcc.div
                0x00000000        0x0 c:/program files (x86)/atmel/atmel toolchain/avr8 gcc/native/3.4.1061/avr8-gnu-toolchain/bin/../lib/gcc/avr/4.8.1/avr4\libgcc.a(_dtors.o)
 .text.libgcc   0x00000000        0x0 c:/program files (x86)/atmel/atmel toolchain/avr8 gcc/native/3.4.1061/avr8-gnu-toolchain/bin/../lib/gcc/avr/4.8.1/avr4\libgcc.a(_dtors.o)
 .text.libgcc.prologue
                0x00000000        0x0 c:/program files (x86)/atmel/atmel toolchain/avr8 gcc/native/3.4.1061/avr8-gnu-toolchain/bin/../lib/gcc/avr/4.8.1/avr4\libgcc.a(_dtors.o)
 .text.libgcc.builtins
                0x00000000        0x0 c:/program files (x86)/atmel/atmel toolchain/avr8 gcc/native/3.4.1061/avr8-gnu-toolchain/bin/../lib/gcc/avr/4.8.1/avr4\libgcc.a(_dtors.o)
 .text.libgcc.fmul
                0x00000000        0x0 c:/program files (x86)/atmel/atmel toolchain/avr8 gcc/native/3.4.1061/avr8-gnu-toolchain/bin/../lib/gcc/avr/4.8.1/avr4\libgcc.a(_dtors.o)
 .text.libgcc.fixed
                0x00000000        0x0 c:/program files (x86)/atmel/atmel toolchain/avr8 gcc/native/3.4.1061/avr8-gnu-toolchain/bin/../lib/gcc/avr/4.8.1/avr4\libgcc.a(_dtors.o)
 .text          0x00000000        0x0 c:/program files (x86)/atmel/atmel toolchain/avr8 gcc/native/3.4.1061/avr8-gnu-toolchain/bin/../lib/gcc/avr/4.8.1/avr4\libgcc.a(_muluhisi3.o)
 .data          0x00000000        0x0 c:/program files (x86)/atmel/atmel toolchain/avr8 gcc/native/3.4.1061/avr8-gnu-toolchain/bin/../lib/gcc/avr/4.8.1/avr4\libgcc.a(_muluhisi3.o)
 .bss           0x00000000        0x0 c:/program files (x86)/atmel/atmel toolchain/avr8 gcc/native/3.4.1061/avr8-gnu-toolchain/bin/../lib/gcc/avr/4.8.1/avr4\libgcc.a(_muluhisi3.o)
 .text.libgcc.div
                0x00000000        0x0 c:/program files (x86)/atmel/atmel toolchain/avr8 gcc/native/3.4.1061/avr8-gnu-toolchain/bin/../lib/gcc/avr/4.8.1/avr4\libgcc.a(_muluhisi3.o)
 .text.libgcc   0x00000000        0x0 c:/program files (x86)/atmel/atmel toolchain/avr8 gcc/native/3.4.1061/avr8-gnu-toolchain/bin/../lib/gcc/avr/4.8.1/avr4\libgcc.a(_muluhisi3.o)
 .text.libgcc.prologue
                0x00000000        0x0 c:/program files (x86)/atmel/atmel toolchain/avr8 gcc/native/3.4.1061/avr8-gnu-toolchain/bin/../lib/gcc/avr/4.8.1/avr4\libgcc.a(_muluhisi3.o)
 .text.libgcc.builtins
                0x00000000        0x0 c:/program files (x86)/atmel/atmel toolchain/avr8 gcc/native/3.4.1061/avr8-gnu-toolchain/bin/../lib/gcc/avr/4.8.1/avr4\libgcc.a(_muluhisi3.o)
 .text.libgcc.fmul
                0x00000000        0x0 c:/program files (x86)/atmel/atmel toolchain/avr8 gcc/native/3.4.1061/avr8-gnu-toolchain/bin/../lib/gcc/avr/4.8.1/avr4\libgcc.a(_muluhisi3.o)
 .text.libgcc.fixed
                0x00000000        0x0 c:/program files (x86)/atmel/atmel toolchain/avr8 gcc/native/3.4.1061/avr8-gnu-toolchain/bin/../lib/gcc/avr/4.8.1/avr4\libgcc.a(_muluhisi3.o)
 .text          0x00000000        0x0 c:/program files (x86)/atmel/atmel toolchain/avr8 gcc/native/3.4.1061/avr8-gnu-toolchain/bin/../lib/gcc/avr/4.8.1/avr4\libgcc.a(_udivdi3.o)
 .data          0x00000000        0x0 c:/program files (x86)/atmel/atmel toolchain/avr8 gcc/native/3.4.1061/avr8-gnu-toolchain/bin/../lib/gcc/avr/4.8.1/avr4\libgcc.a(_udivdi3.o)
 .bss           0x00000000        0x0 c:/program files (x86)/atmel/atmel toolchain/avr8 gcc/native/3.4.1061/avr8-gnu-toolchain/bin/../lib/gcc/avr/4.8.1/avr4\libgcc.a(_udivdi3.o)
 .text.libgcc.mul
                0x00000000        0x0 c:/program files (x86)/atmel/atmel toolchain/avr8 gcc/native/3.4.1061/avr8-gnu-toolchain/bin/../lib/gcc/avr/4.8.1/avr4\libgcc.a(_udivdi3.o)
 .text.libgcc   0x00000000        0x0 c:/program files (x86)/atmel/atmel toolchain/avr8 gcc/native/3.4.1061/avr8-gnu-toolchain/bin/../lib/gcc/avr/4.8.1/avr4\libgcc.a(_udivdi3.o)
 .text.libgcc.prologue
                0x00000000        0x0 c:/program files (x86)/atmel/atmel toolchain/avr8 gcc/native/3.4.1061/avr8-gnu-toolchain/bin/../lib/gcc/avr/4.8.1/avr4\libgcc.a(_udivdi3.o)
 .text.libgcc.builtins
                0x00000000        0x0 c:/program files (x86)/atmel/atmel toolchain/avr8 gcc/native/3.4.1061/avr8-gnu-toolchain/bin/../lib/gcc/avr/4.8.1/avr4\libgcc.a(_udivdi3.o)
 .text.libgcc.fmul
                0x00000000        0x0 c:/program files (x86)/atmel/atmel toolchain/avr8 gcc/native/3.4.1061/avr8-gnu-toolchain/bin/../lib/gcc/avr/4.8.1/avr4\libgcc.a(_udivdi3.o)
 .text.libgcc.fixed
                0x00000000        0x0 c:/program files (x86)/atmel/atmel toolchain/avr8 gcc/native/3.4.1061/avr8-gnu-toolchain/bin/../lib/gcc/avr/4.8.1/avr4\libgcc.a(_udivdi3.o)
 .text          0x00000000        0x0 c:/program files (x86)/atmel/atmel toolchain/avr8 gcc/native/3.4.1061/avr8-gnu-toolchain/bin/../lib/gcc/avr/4.8.1/avr4\libgcc.a(_udivmod64.o)
 .data          0x00000000        0x0 c:/program files (x86)/atmel/atmel toolchain/avr8 gcc/native/3.4.1061/avr8-gnu-toolchain/bin/../lib/gcc/avr/4.8.1/avr4\libgcc.a(_udivmod64.o)
 .bss           0x00000000        0x0 c:/program files (x86)/atmel/atmel toolchain/avr8 gcc/native/3.4.1061/avr8-gnu-toolchain/bin/../lib/gcc/avr/4.8.1/avr4\libgcc.a(_udivmod64.o)
 .text.libgcc.mul
                0x00000000        0x0 c:/program files (x86)/atmel/atmel toolchain/avr8 gcc/native/3.4.1061/avr8-gnu-toolchain/bin/../lib/gcc/avr/4.8.1/avr4\libgcc.a(_udivmod64.o)
 .text.libgcc   0x00000000        0x0 c:/program files (x86)/atmel/atmel toolchain/avr8 gcc/native/3.4.1061/avr8-gnu-toolchain/bin/../lib/gcc/avr/4.8.1/avr4\libgcc.a(_udivmod64.o)
 .text.libgcc.prologue
                0x00000000        0x0 c:/program files (x86)/atmel/atmel toolchain/avr8 gcc/native/3.4.1061/avr8-gnu-toolchain/bin/../lib/gcc/avr/4.8.1/avr4\libgcc.a(_udivmod64.o)
 .text.libgcc.builtins
                0x00000000        0x0 c:/program files (x86)/atmel/atmel toolchain/avr8 gcc/native/3.4.1061/avr8-gnu-toolchain/bin/../lib/gcc/avr/4.8.1/avr4\libgcc.a(_udivmod64.o)
 .text.libgcc.fmul
                0x00000000        0x0 c:/program files (x86)/atmel/atmel toolchain/avr8 gcc/native/3.4.1061/avr8-gnu-toolchain/bin/../lib/gcc/avr/4.8.1/avr4\libgcc.a(_udivmod64.o)
 .text.libgcc.fixed
                0x00000000        0x0 c:/program files (x86)/atmel/atmel toolchain/avr8 gcc/native/3.4.1061/avr8-gnu-toolchain/bin/../lib/gcc/avr/4.8.1/avr4\libgcc.a(_udivmod64.o)
 .text          0x00000000        0x0 c:/program files (x86)/atmel/atmel toolchain/avr8 gcc/native/3.4.1061/avr8-gnu-toolchain/bin/../lib/gcc/avr/4.8.1/avr4\libgcc.a(_tablejump.o)
 .data          0x00000000        0x0 c:/program files (x86)/atmel/atmel toolchain/avr8 gcc/native/3.4.1061/avr8-gnu-toolchain/bin/../lib/gcc/avr/4.8.1/avr4\libgcc.a(_tablejump.o)
 .bss           0x00000000        0x0 c:/program files (x86)/atmel/atmel toolchain/avr8 gcc/native/3.4.1061/avr8-gnu-toolchain/bin/../lib/gcc/avr/4.8.1/avr4\libgcc.a(_tablejump.o)
 .text.libgcc.mul
                0x00000000        0x0 c:/program files (x86)/atmel/atmel toolchain/avr8 gcc/native/3.4.1061/avr8-gnu-toolchain/bin/../lib/gcc/avr/4.8.1/avr4\libgcc.a(_tablejump.o)
 .text.libgcc.div
                0x00000000        0x0 c:/program files (x86)/atmel/atmel toolchain/avr8 gcc/native/3.4.1061/avr8-gnu-toolchain/bin/../lib/gcc/avr/4.8.1/avr4\libgcc.a(_tablejump.o)
 .text.libgcc.prologue
                0x00000000        0x0 c:/program files (x86)/atmel/atmel toolchain/avr8 gcc/native/3.4.1061/avr8-gnu-toolchain/bin/../lib/gcc/avr/4.8.1/avr4\libgcc.a(_tablejump.o)
 .text.libgcc.builtins
                0x00000000        0x0 c:/program files (x86)/atmel/atmel toolchain/avr8 gcc/native/3.4.1061/avr8-gnu-toolchain/bin/../lib/gcc/avr/4.8.1/avr4\libgcc.a(_tablejump.o)
 .text.libgcc.fmul
                0x00000000        0x0 c:/program files (x86)/atmel/atmel toolchain/avr8 gcc/native/3.4.1061/avr8-gnu-toolchain/bin/../lib/gcc/avr/4.8.1/avr4\libgcc.a(_tablejump.o)
 .text.libgcc.fixed
                0x00000000        0x0 c:/program files (x86)/atmel/atmel toolchain/avr8 gcc/native/3.4.1061/avr8-gnu-toolchain/bin/../lib/gcc/avr/4.8.1/avr4\libgcc.a(_tablejump.o)
 .text          0x00000000        0x0 c:/program files (x86)/atmel/atmel toolchain/avr8 gcc/native/3.4.1061/avr8-gnu-toolchain/bin/../lib/gcc/avr/4.8.1/avr4\libgcc.a(_umulhisi3.o)
 .data          0x00000000        0x0 c:/program files (x86)/atmel/atmel toolchain/avr8 gcc/native/3.4.1061/avr8-gnu-toolchain/bin/../lib/gcc/avr/4.8.1/avr4\libgcc.a(_umulhisi3.o)
 .bss           0x00000000        0x0 c:/program files (x86)/atmel/atmel toolchain/avr8 gcc/native/3.4.1061/avr8-gnu-toolchain/bin/../lib/gcc/avr/4.8.1/avr4\libgcc.a(_umulhisi3.o)
 .text.libgcc.div
                0x00000000        0x0 c:/program files (x86)/atmel/atmel toolchain/avr8 gcc/native/3.4.1061/avr8-gnu-toolchain/bin/../lib/gcc/avr/4.8.1/avr4\libgcc.a(_umulhisi3.o)
 .text.libgcc   0x00000000        0x0 c:/program files (x86)/atmel/atmel toolchain/avr8 gcc/native/3.4.1061/avr8-gnu-toolchain/bin/../lib/gcc/avr/4.8.1/avr4\libgcc.a(_umulhisi3.o)
 .text.libgcc.prologue
                0x00000000        0x0 c:/program files (x86)/atmel/atmel toolchain/avr8 gcc/native/3.4.1061/avr8-gnu-toolchain/bin/../lib/gcc/avr/4.8.1/avr4\libgcc.a(_umulhisi3.o)
 .text.libgcc.builtins
                0x00000000        0x0 c:/program files (x86)/atmel/atmel toolchain/avr8 gcc/native/3.4.1061/avr8-gnu-toolchain/bin/../lib/gcc/avr/4.8.1/avr4\libgcc.a(_umulhisi3.o)
 .text.libgcc.fmul
                0x00000000        0x0 c:/program files (x86)/atmel/atmel toolchain/avr8 gcc/native/3.4.1061/avr8-gnu-toolchain/bin/../lib/gcc/avr/4.8.1/avr4\libgcc.a(_umulhisi3.o)
 .text.libgcc.fixed
                0x00000000        0x0 c:/program files (x86)/atmel/atmel toolchain/avr8 gcc/native/3.4.1061/avr8-gnu-toolchain/bin/../lib/gcc/avr/4.8.1/avr4\libgcc.a(_umulhisi3.o)

Memory Configuration

Name             Origin             Length             Attributes
text             0x00000000         0x00002000         xr
data             0x00800060         0x0000ffa0         rw !x
eeprom           0x00810000         0x00010000         rw !x
fuse             0x00820000         0x00000400         rw !x
lock             0x00830000         0x00000400         rw !x
signature        0x00840000         0x00000400         rw !x
user_signatures  0x00850000         0x00000400         rw !x
*default*        0x00000000         0xffffffff

Linker script and memory map

Address of section .data set to 0x800100
LOAD c:/program files (x86)/atmel/atmel toolchain/avr8 gcc/native/3.4.1061/avr8-gnu-toolchain/bin/../lib/gcc/avr/4.8.1/../../../../avr/lib/avr4/crtm88.o
LOAD AtmegaRom.o
LOAD DebugLib.o
LOAD GlobalServicesTable.o
LOAD MotorDriver.o
LOAD SerialCommunication.o
LOAD SerialDriver.o
LOAD TimerDriver.o
LOAD TimerEventDispatcher.o
START GROUP
LOAD c:/program files (x86)/atmel/atmel toolchain/avr8 gcc/native/3.4.1061/avr8-gnu-toolchain/bin/../lib/gcc/avr/4.8.1/../../../../avr/lib/avr4\libm.a
END GROUP
LOAD c:/program files (x86)/atmel/atmel toolchain/avr8 gcc/native/3.4.1061/avr8-gnu-toolchain/bin/../lib/gcc/avr/4.8.1/avr4\libgcc.a
LOAD c:/program files (x86)/atmel/atmel toolchain/avr8 gcc/native/3.4.1061/avr8-gnu-toolchain/bin/../lib/gcc/avr/4.8.1/../../../../avr/lib/avr4\libm.a
START GROUP
LOAD c:/program files (x86)/atmel/atmel toolchain/avr8 gcc/native/3.4.1061/avr8-gnu-toolchain/bin/../lib/gcc/avr/4.8.1/avr4\libgcc.a
LOAD c:/program files (x86)/atmel/atmel toolchain/avr8 gcc/native/3.4.1061/avr8-gnu-toolchain/bin/../lib/gcc/avr/4.8.1/../../../../avr/lib/avr4\libm.a
LOAD c:/program files (x86)/atmel/atmel toolchain/avr8 gcc/native/3.4.1061/avr8-gnu-toolchain/bin/../lib/gcc/avr/4.8.1/../../../../avr/lib/avr4\libc.a
END GROUP

.hash
 *(.hash)

.dynsym
 *(.dynsym)

.dynstr
 *(.dynstr)

.gnu.version
 *(.gnu.version)

.gnu.version_d
 *(.gnu.version_d)

.gnu.version_r
 *(.gnu.version_r)

.rel.init
 *(.rel.init)

.rela.init
 *(.rela.init)

.rel.text
 *(.rel.text)
 *(.rel.text.*)
 *(.rel.gnu.linkonce.t*)

.rela.text
 *(.rela.text)
 *(.rela.text.*)
 *(.rela.gnu.linkonce.t*)

.rel.fini
 *(.rel.fini)

.rela.fini
 *(.rela.fini)

.rel.rodata
 *(.rel.rodata)
 *(.rel.rodata.*)
 *(.rel.gnu.linkonce.r*)

.rela.rodata
 *(.rela.rodata)
 *(.rela.rodata.*)
 *(.rela.gnu.linkonce.r*)

.rel.data
 *(.rel.data)
 *(.rel.data.*)
 *(.rel.gnu.linkonce.d*)

.rela.data
 *(.rela.data)
 *(.rela.data.*)
 *(.rela.gnu.linkonce.d*)

.rel.ctors
 *(.rel.ctors)

.rela.ctors
 *(.rela.ctors)

.rel.dtors
 *(.rel.dtors)

.rela.dtors
 *(.rela.dtors)

.rel.got
 *(.rel.got)

.rela.got
 *(.rela.got)

.rel.bss
 *(.rel.bss)

.rela.bss
 *(.rela.bss)

.rel.plt
 *(.rel.plt)

.rela.plt
 *(.rela.plt)

.text           0x00000000     0x1208
 *(.vectors)
 .vectors       0x00000000       0x34 c:/program files (x86)/atmel/atmel toolchain/avr8 gcc/native/3.4.1061/avr8-gnu-toolchain/bin/../lib/gcc/avr/4.8.1/../../../../avr/lib/avr4/crtm88.o
                0x00000000                __vector_default
                0x00000000                __vectors
 *(.vectors)
 *(.progmem.gcc*)
                0x00000034                . = ALIGN (0x2)
                0x00000034                __trampolines_start = .
 *(.trampolines)
 .trampolines   0x00000034        0x0 linker stubs
 *(.trampolines*)
                0x00000034                __trampolines_end = .
 *(.progmem*)
                0x00000034                . = ALIGN (0x2)
 *(.jumptables)
 *(.jumptables*)
 *(.lowtext)
 *(.lowtext*)
                0x00000034                __ctors_start = .
 *(.ctors)
 .ctors         0x00000034        0x2 AtmegaRom.o
 .ctors         0x00000036        0x2 GlobalServicesTable.o
                0x00000038                __ctors_end = .
                0x00000038                __dtors_start = .
 *(.dtors)
 .dtors         0x00000038        0x2 AtmegaRom.o
 .dtors         0x0000003a        0x2 GlobalServicesTable.o
                0x0000003c                __dtors_end = .
 SORT(*)(.ctors)
 SORT(*)(.dtors)
 *(.init0)
 .init0         0x0000003c        0x0 c:/program files (x86)/atmel/atmel toolchain/avr8 gcc/native/3.4.1061/avr8-gnu-toolchain/bin/../lib/gcc/avr/4.8.1/../../../../avr/lib/avr4/crtm88.o
                0x0000003c                __init
 *(.init0)
 *(.init1)
 *(.init1)
 *(.init2)
 .init2         0x0000003c        0xc c:/program files (x86)/atmel/atmel toolchain/avr8 gcc/native/3.4.1061/avr8-gnu-toolchain/bin/../lib/gcc/avr/4.8.1/../../../../avr/lib/avr4/crtm88.o
 *(.init2)
 *(.init3)
 *(.init3)
 *(.init4)
 .init4         0x00000048       0x16 c:/program files (x86)/atmel/atmel toolchain/avr8 gcc/native/3.4.1061/avr8-gnu-toolchain/bin/../lib/gcc/avr/4.8.1/avr4\libgcc.a(_copy_data.o)
                0x00000048                __do_copy_data
 .init4         0x0000005e       0x10 c:/program files (x86)/atmel/atmel toolchain/avr8 gcc/native/3.4.1061/avr8-gnu-toolchain/bin/../lib/gcc/avr/4.8.1/avr4\libgcc.a(_clear_bss.o)
                0x0000005e                __do_clear_bss
 *(.init4)
 *(.init5)
 *(.init5)
 *(.init6)
 .init6         0x0000006e       0x14 c:/program files (x86)/atmel/atmel toolchain/avr8 gcc/native/3.4.1061/avr8-gnu-toolchain/bin/../lib/gcc/avr/4.8.1/avr4\libgcc.a(_ctors.o)
                0x0000006e                __do_global_ctors
 *(.init6)
 *(.init7)
 *(.init7)
 *(.init8)
 *(.init8)
 *(.init9)
 .init9         0x00000082        0x4 c:/program files (x86)/atmel/atmel toolchain/avr8 gcc/native/3.4.1061/avr8-gnu-toolchain/bin/../lib/gcc/avr/4.8.1/../../../../avr/lib/avr4/crtm88.o
 *(.init9)
 *(.text)
 .text          0x00000086        0x2 c:/program files (x86)/atmel/atmel toolchain/avr8 gcc/native/3.4.1061/avr8-gnu-toolchain/bin/../lib/gcc/avr/4.8.1/../../../../avr/lib/avr4/crtm88.o
                0x00000086                __vector_22
                0x00000086                __vector_1
                0x00000086                __vector_24
                0x00000086                __vector_12
                0x00000086                __bad_interrupt
                0x00000086                __vector_6
                0x00000086                __vector_3
                0x00000086                __vector_23
                0x00000086                __vector_25
                0x00000086                __vector_11
                0x00000086                __vector_13
                0x00000086                __vector_17
                0x00000086                __vector_19
                0x00000086                __vector_7
                0x00000086                __vector_5
                0x00000086                __vector_4
                0x00000086                __vector_9
                0x00000086                __vector_2
                0x00000086                __vector_21
                0x00000086                __vector_15
                0x00000086                __vector_8
                0x00000086                __vector_10
                0x00000086                __vector_16
                0x00000086                __vector_18
                0x00000086                __vector_20
                0x00000088                . = ALIGN (0x2)
 *(.text.*)
 .text._Z19VerticalMotorUpdateh
                0x00000088        0xc AtmegaRom.o
                0x00000088                _Z19VerticalMotorUpdateh
 .text._Z21HorizontalMotorUpdateh
                0x00000094        0xc AtmegaRom.o
                0x00000094                _Z21HorizontalMotorUpdateh
 .text._Z14SendHeadStatusv
                0x000000a0       0x66 AtmegaRom.o
                0x000000a0                _Z14SendHeadStatusv
 .text._Z18SetUpVerticalMotorv
                0x00000106       0x5c AtmegaRom.o
                0x00000106                _Z18SetUpVerticalMotorv
 .text._Z20SetUpHorizontalMotorv
                0x00000162       0x5c AtmegaRom.o
                0x00000162                _Z20SetUpHorizontalMotorv
 .text._Z14PacketReceivedPh
                0x000001be       0x52 AtmegaRom.o
                0x000001be                _Z14PacketReceivedPh
 .text._Z11SetUpMotorsv
                0x00000210        0x4 AtmegaRom.o
                0x00000210                _Z11SetUpMotorsv
 .text._Z10SetupPortsv
                0x00000214       0x10 AtmegaRom.o
                0x00000214                _Z10SetupPortsv
 .text._Z7TheLoopv
                0x00000224       0xc4 AtmegaRom.o
                0x00000224                _Z7TheLoopv
 .text.startup.main
                0x000002e8       0x62 AtmegaRom.o
                0x000002e8                main
 .text.startup._GLOBAL__sub_I__Z19VerticalMotorUpdateh
                0x0000034a        0xc AtmegaRom.o
 .text.exit._GLOBAL__sub_D__Z19VerticalMotorUpdateh
                0x00000356        0xc AtmegaRom.o
 .text._Z18SerialEventGatewayP12_TIMER_EVENTPv
                0x00000362        0xe GlobalServicesTable.o
                0x00000362                _Z18SerialEventGatewayP12_TIMER_EVENTPv
 .text._Z23InitGlobalServicesTablev
                0x00000370       0xb0 GlobalServicesTable.o
                0x00000370                _Z23InitGlobalServicesTablev
 .text.__vector_14
                0x00000420       0x4e GlobalServicesTable.o
                0x00000420                __vector_14
 .text.startup._GLOBAL__sub_I_timer
                0x0000046e        0xc GlobalServicesTable.o
 .text.exit._GLOBAL__sub_D_timer
                0x0000047a        0xc GlobalServicesTable.o
 .text._ZN11MotorDriverC2Ev
                0x00000486       0x4a MotorDriver.o
                0x00000486                _ZN11MotorDriverC2Ev
                0x00000486                _ZN11MotorDriverC1Ev
 .text._ZN11MotorDriverD2Ev
                0x000004d0        0x2 MotorDriver.o
                0x000004d0                _ZN11MotorDriverD1Ev
                0x000004d0                _ZN11MotorDriverD2Ev
 .text._ZN11MotorDriver14SetMotorStatesEP13_MOTOR_STATES
                0x000004d2        0x8 MotorDriver.o
                0x000004d2                _ZN11MotorDriver14SetMotorStatesEP13_MOTOR_STATES
 .text._ZN11MotorDriver12SetGearRatioEh
                0x000004da        0x6 MotorDriver.o
                0x000004da                _ZN11MotorDriver12SetGearRatioEh
 .text._ZN11MotorDriver21SetStepsPerRevolutionEj
                0x000004e0        0x6 MotorDriver.o
                0x000004e0                _ZN11MotorDriver21SetStepsPerRevolutionEj
 .text._ZN11MotorDriver5StartEv
                0x000004e6       0x3a MotorDriver.o
                0x000004e6                _ZN11MotorDriver5StartEv
 .text._ZN11MotorDriver11SetTresholdEl
                0x00000520        0xc MotorDriver.o
                0x00000520                _ZN11MotorDriver11SetTresholdEl
 .text._ZN11MotorDriver9StepRightEv
                0x0000052c       0x7a MotorDriver.o
                0x0000052c                _ZN11MotorDriver9StepRightEv
 .text._ZN11MotorDriver8StepLeftEv
                0x000005a6       0x76 MotorDriver.o
                0x000005a6                _ZN11MotorDriver8StepLeftEv
 .text._ZN11MotorDriver17TimerEventHandlerEv
                0x0000061c       0x8c MotorDriver.o
                0x0000061c                _ZN11MotorDriver17TimerEventHandlerEv
 .text._Z24DispatchMotorDriverEventP12_TIMER_EVENTPv
                0x000006a8        0x4 MotorDriver.o
                0x000006a8                _Z24DispatchMotorDriverEventP12_TIMER_EVENTPv
 .text._ZN11MotorDriver14SetLimitAnglesEll
                0x000006ac       0x1c MotorDriver.o
                0x000006ac                _ZN11MotorDriver14SetLimitAnglesEll
 .text._ZN11MotorDriver8SetAngleEl
                0x000006c8        0xc MotorDriver.o
                0x000006c8                _ZN11MotorDriver8SetAngleEl
 .text._ZN11MotorDriver8GetAngleEv
                0x000006d4        0xc MotorDriver.o
                0x000006d4                _ZN11MotorDriver8GetAngleEv
 .text._ZN11MotorDriver7SetZeroEv
                0x000006e0       0x14 MotorDriver.o
                0x000006e0                _ZN11MotorDriver7SetZeroEv
 .text._ZN11MotorDriver9SetTimeotEm
                0x000006f4        0xc MotorDriver.o
                0x000006f4                _ZN11MotorDriver9SetTimeotEm
 .text._ZN19SerialCommunicationC2Ev
                0x00000700       0x3e SerialCommunication.o
                0x00000700                _ZN19SerialCommunicationC1Ev
                0x00000700                _ZN19SerialCommunicationC2Ev
 .text._ZN19SerialCommunication8GetStateEv
                0x0000073e        0x6 SerialCommunication.o
                0x0000073e                _ZN19SerialCommunication8GetStateEv
 .text._ZN19SerialCommunication15_HandshakeStateEv
                0x00000744       0x5a SerialCommunication.o
                0x00000744                _ZN19SerialCommunication15_HandshakeStateEv
 .text._ZN19SerialCommunication12_SetupSerialEv
                0x0000079e       0x38 SerialCommunication.o
                0x0000079e                _ZN19SerialCommunication12_SetupSerialEv
 .text._ZN19SerialCommunication25_WaitingForHandshakeStateEv
                0x000007d6       0x22 SerialCommunication.o
                0x000007d6                _ZN19SerialCommunication25_WaitingForHandshakeStateEv
 .text._ZN19SerialCommunication5StartEv
                0x000007f8       0x1c SerialCommunication.o
                0x000007f8                _ZN19SerialCommunication5StartEv
 .text._ZN19SerialCommunication10SendPacketEPh
                0x00000814       0x14 SerialCommunication.o
                0x00000814                _ZN19SerialCommunication10SendPacketEPh
 .text._ZN19SerialCommunication10_ClearDataEv
                0x00000828       0x10 SerialCommunication.o
                0x00000828                _ZN19SerialCommunication10_ClearDataEv
 .text._ZN19SerialCommunication17RestoreConnectionEv
                0x00000838       0x12 SerialCommunication.o
                0x00000838                _ZN19SerialCommunication17RestoreConnectionEv
 .text._ZN19SerialCommunication12_BrokenStateEv
                0x0000084a        0xa SerialCommunication.o
                0x0000084a                _ZN19SerialCommunication12_BrokenStateEv
 .text._ZN19SerialCommunication25CheckForKeepAliveResponseEv
                0x00000854       0x14 SerialCommunication.o
                0x00000854                _ZN19SerialCommunication25CheckForKeepAliveResponseEv
 .text._ZN19SerialCommunication21CheckForKeepAliveByteEv
                0x00000868       0x1a SerialCommunication.o
                0x00000868                _ZN19SerialCommunication21CheckForKeepAliveByteEv
 .text._ZN19SerialCommunication12_ReceiveByteEv
                0x00000882       0x28 SerialCommunication.o
                0x00000882                _ZN19SerialCommunication12_ReceiveByteEv
 .text._ZN19SerialCommunication9_SendByteEv
                0x000008aa       0x36 SerialCommunication.o
                0x000008aa                _ZN19SerialCommunication9_SendByteEv
 .text._ZN19SerialCommunication11ReceiveDataEv
                0x000008e0       0x4e SerialCommunication.o
                0x000008e0                _ZN19SerialCommunication11ReceiveDataEv
 .text._ZN19SerialCommunication17_CheckRxLineStateEv
                0x0000092e       0x1e SerialCommunication.o
                0x0000092e                _ZN19SerialCommunication17_CheckRxLineStateEv
 .text._ZN19SerialCommunication17_CheckTxLineStateEv
                0x0000094c       0x24 SerialCommunication.o
                0x0000094c                _ZN19SerialCommunication17_CheckTxLineStateEv
 .text._ZN19SerialCommunication12_ActiveStateEv
                0x00000970       0x1c SerialCommunication.o
                0x00000970                _ZN19SerialCommunication12_ActiveStateEv
 .text._ZN19SerialCommunication19ManageCommunicationEP12_TIMER_EVENTPv
                0x0000098c       0x28 SerialCommunication.o
                0x0000098c                _ZN19SerialCommunication19ManageCommunicationEP12_TIMER_EVENTPv
 .text._ZN12SerialDriverC2Ev
                0x000009b4       0x12 SerialDriver.o
                0x000009b4                _ZN12SerialDriverC2Ev
                0x000009b4                _ZN12SerialDriverC1Ev
 .text._ZN12SerialDriverD2Ev
                0x000009c6        0x2 SerialDriver.o
                0x000009c6                _ZN12SerialDriverD2Ev
                0x000009c6                _ZN12SerialDriverD1Ev
 .text._ZN12SerialDriver11SetDataSizeE8DataSize
                0x000009c8       0x54 SerialDriver.o
                0x000009c8                _ZN12SerialDriver11SetDataSizeE8DataSize
 .text._ZN12SerialDriver7SetModeE10SerialMode
                0x00000a1c       0x22 SerialDriver.o
                0x00000a1c                _ZN12SerialDriver7SetModeE10SerialMode
 .text._ZN12SerialDriver9SetParityE6Parity
                0x00000a3e       0x2c SerialDriver.o
                0x00000a3e                _ZN12SerialDriver9SetParityE6Parity
 .text._ZN12SerialDriver11SetStopBitsE8StopBits
                0x00000a6a       0x24 SerialDriver.o
                0x00000a6a                _ZN12SerialDriver11SetStopBitsE8StopBits
 .text._ZN12SerialDriver19EnableCommunicationEv
                0x00000a8e        0xa SerialDriver.o
                0x00000a8e                _ZN12SerialDriver19EnableCommunicationEv
 .text._ZN12SerialDriver11SetBaudRateEm
                0x00000a98        0xc SerialDriver.o
                0x00000a98                _ZN12SerialDriver11SetBaudRateEm
 .text._ZN12SerialDriver26_CalculateBaudRateRegisterEv
                0x00000aa4      0x11e SerialDriver.o
                0x00000aa4                _ZN12SerialDriver26_CalculateBaudRateRegisterEv
 .text._ZN12SerialDriver19SendStatusRegistersEv
                0x00000bc2       0x2c SerialDriver.o
                0x00000bc2                _ZN12SerialDriver19SendStatusRegistersEv
 .text._ZN11TimerDriver14SetClockSourceE11ClockSource
                0x00000bee        0xa TimerDriver.o
                0x00000bee                _ZN11TimerDriver14SetClockSourceE11ClockSource
 .text._ZN11TimerDriver19SetOverflowIntervalEm
                0x00000bf8      0x194 TimerDriver.o
                0x00000bf8                _ZN11TimerDriver19SetOverflowIntervalEm
 .text._ZN11TimerDriver29_UpdateOutputCompareRegistersEv
                0x00000d8c        0xc TimerDriver.o
                0x00000d8c                _ZN11TimerDriver29_UpdateOutputCompareRegistersEv
 .text._ZN11TimerDriver25_ComputeInterruptRegisterEv
                0x00000d98        0xc TimerDriver.o
                0x00000d98                _ZN11TimerDriver25_ComputeInterruptRegisterEv
 .text._ZN11TimerDriver27_ComputeInterruptsRegistersEv
                0x00000da4        0xa TimerDriver.o
                0x00000da4                _ZN11TimerDriver27_ComputeInterruptsRegistersEv
 .text._ZN11TimerDriver38_ComputeWaveFormGenerationModeRegisterEv
                0x00000dae       0x12 TimerDriver.o
                0x00000dae                _ZN11TimerDriver38_ComputeWaveFormGenerationModeRegisterEv
 .text._ZN11TimerDriver27_ComputeClockSourceRegisterEv
                0x00000dc0       0x1a TimerDriver.o
                0x00000dc0                _ZN11TimerDriver27_ComputeClockSourceRegisterEv
 .text._ZN11TimerDriver30_ComputeOutputCompareRegistersEv
                0x00000dda       0x22 TimerDriver.o
                0x00000dda                _ZN11TimerDriver30_ComputeOutputCompareRegistersEv
 .text._ZN11TimerDriver23_ComputeCotrolRegistersEv
                0x00000dfc       0x18 TimerDriver.o
                0x00000dfc                _ZN11TimerDriver23_ComputeCotrolRegistersEv
 .text._ZN11TimerDriver23_UpdateControlRegistersEv
                0x00000e14        0xc TimerDriver.o
                0x00000e14                _ZN11TimerDriver23_UpdateControlRegistersEv
 .text._ZN11TimerDriver26_UpdateInterruptsRegistersEv
                0x00000e20        0xe TimerDriver.o
                0x00000e20                _ZN11TimerDriver26_UpdateInterruptsRegistersEv
 .text._ZN11TimerDriver5StartEv
                0x00000e2e       0x1c TimerDriver.o
                0x00000e2e                _ZN11TimerDriver5StartEv
 .text._ZN11TimerDriverC2Ev
                0x00000e4a        0x2 TimerDriver.o
                0x00000e4a                _ZN11TimerDriverC1Ev
                0x00000e4a                _ZN11TimerDriverC2Ev
 .text._ZN11TimerDriverD2Ev
                0x00000e4c        0x2 TimerDriver.o
                0x00000e4c                _ZN11TimerDriverD1Ev
                0x00000e4c                _ZN11TimerDriverD2Ev
 .text._ZN20TimerEventDispatcherC2Ev
                0x00000e4e       0x8c TimerEventDispatcher.o
                0x00000e4e                _ZN20TimerEventDispatcherC1Ev
                0x00000e4e                _ZN20TimerEventDispatcherC2Ev
 .text._ZN20TimerEventDispatcher17_GetFreeEventSlotEv
                0x00000eda       0x42 TimerEventDispatcher.o
                0x00000eda                _ZN20TimerEventDispatcher17_GetFreeEventSlotEv
 .text._ZN20TimerEventDispatcher11CreateEventE14TimerEventTypemPFvP12_TIMER_EVENTPvES3_
                0x00000f1c       0x66 TimerEventDispatcher.o
                0x00000f1c                _ZN20TimerEventDispatcher11CreateEventE14TimerEventTypemPFvP12_TIMER_EVENTPvES3_
 .text._ZN20TimerEventDispatcher16SysTimerOverflowEv
                0x00000f82       0xac TimerEventDispatcher.o
                0x00000f82                _ZN20TimerEventDispatcher16SysTimerOverflowEv
 .text._ZN20TimerEventDispatcher11CheckEventsEv
                0x0000102e       0x90 TimerEventDispatcher.o
                0x0000102e                _ZN20TimerEventDispatcher11CheckEventsEv
 .text.libgcc.mul
                0x000010be       0x1e c:/program files (x86)/atmel/atmel toolchain/avr8 gcc/native/3.4.1061/avr8-gnu-toolchain/bin/../lib/gcc/avr/4.8.1/avr4\libgcc.a(_mulsi3.o)
                0x000010be                __mulsi3
 .text.libgcc.div
                0x000010dc       0x44 c:/program files (x86)/atmel/atmel toolchain/avr8 gcc/native/3.4.1061/avr8-gnu-toolchain/bin/../lib/gcc/avr/4.8.1/avr4\libgcc.a(_udivmodsi4.o)
                0x000010dc                __udivmodsi4
 .text.libgcc.mul
                0x00001120       0x14 c:/program files (x86)/atmel/atmel toolchain/avr8 gcc/native/3.4.1061/avr8-gnu-toolchain/bin/../lib/gcc/avr/4.8.1/avr4\libgcc.a(_muluhisi3.o)
                0x00001120                __muluhisi3
 .text.libgcc.div
                0x00001134       0x1a c:/program files (x86)/atmel/atmel toolchain/avr8 gcc/native/3.4.1061/avr8-gnu-toolchain/bin/../lib/gcc/avr/4.8.1/avr4\libgcc.a(_udivdi3.o)
                0x00001134                __umoddi3
                0x00001138                __udivdi3
                0x0000113a                __udivdi3_umoddi3
 .text.libgcc.div
                0x0000114e       0x7e c:/program files (x86)/atmel/atmel toolchain/avr8 gcc/native/3.4.1061/avr8-gnu-toolchain/bin/../lib/gcc/avr/4.8.1/avr4\libgcc.a(_udivmod64.o)
                0x0000114e                __udivmod64
 .text.libgcc   0x000011cc        0xc c:/program files (x86)/atmel/atmel toolchain/avr8 gcc/native/3.4.1061/avr8-gnu-toolchain/bin/../lib/gcc/avr/4.8.1/avr4\libgcc.a(_tablejump.o)
                0x000011cc                __tablejump2__
                0x000011d0                __tablejump__
 .text.libgcc.mul
                0x000011d8       0x18 c:/program files (x86)/atmel/atmel toolchain/avr8 gcc/native/3.4.1061/avr8-gnu-toolchain/bin/../lib/gcc/avr/4.8.1/avr4\libgcc.a(_umulhisi3.o)
                0x000011d8                __umulhisi3
                0x000011f0                . = ALIGN (0x2)
 *(.fini9)
 .fini9         0x000011f0        0x0 c:/program files (x86)/atmel/atmel toolchain/avr8 gcc/native/3.4.1061/avr8-gnu-toolchain/bin/../lib/gcc/avr/4.8.1/avr4\libgcc.a(_exit.o)
                0x000011f0                _exit
                0x000011f0                exit
 *(.fini9)
 *(.fini8)
 *(.fini8)
 *(.fini7)
 *(.fini7)
 *(.fini6)
 .fini6         0x000011f0       0x14 c:/program files (x86)/atmel/atmel toolchain/avr8 gcc/native/3.4.1061/avr8-gnu-toolchain/bin/../lib/gcc/avr/4.8.1/avr4\libgcc.a(_dtors.o)
                0x000011f0                __do_global_dtors
 *(.fini6)
 *(.fini5)
 *(.fini5)
 *(.fini4)
 *(.fini4)
 *(.fini3)
 *(.fini3)
 *(.fini2)
 *(.fini2)
 *(.fini1)
 *(.fini1)
 *(.fini0)
 .fini0         0x00001204        0x4 c:/program files (x86)/atmel/atmel toolchain/avr8 gcc/native/3.4.1061/avr8-gnu-toolchain/bin/../lib/gcc/avr/4.8.1/avr4\libgcc.a(_exit.o)
 *(.fini0)
                0x00001208                _etext = .

.data           0x00800100       0x4a load address 0x00001208
                0x00800100                PROVIDE (__data_start, .)
 *(.data)
 *(.data*)
 .data.horizontalMotorStates
                0x00800100       0x25 AtmegaRom.o
                0x00800100                horizontalMotorStates
 .data.verticalMotorStates
                0x00800125       0x25 AtmegaRom.o
                0x00800125                verticalMotorStates
 *(.rodata)
 *(.rodata*)
 *(.gnu.linkonce.d*)
                0x0080014a                . = ALIGN (0x2)
                0x0080014a                _edata = .
                0x0080014a                PROVIDE (__data_end, .)

.bss            0x0080014a       0xff
                0x0080014a                PROVIDE (__bss_start, .)
 *(.bss)
 *(.bss*)
 .bss.p         0x0080014a        0xa AtmegaRom.o
                0x0080014a                p
 .bss.horizontalMotor
                0x00800154       0x24 AtmegaRom.o
                0x00800154                horizontalMotor
 .bss.verticalMotor
                0x00800178       0x24 AtmegaRom.o
                0x00800178                verticalMotor
 .bss.gST       0x0080019c        0x4 GlobalServicesTable.o
                0x0080019c                gST
 .bss.serial    0x008001a0       0x29 GlobalServicesTable.o
                0x008001a0                serial
 .bss.timer     0x008001c9       0x7f GlobalServicesTable.o
                0x008001c9                timer
 .bss._ZZN19SerialCommunication11ReceiveDataEvE4lock
                0x00800248        0x1 SerialCommunication.o
 *(COMMON)
                0x00800249                PROVIDE (__bss_end, .)
                0x00001208                __data_load_start = LOADADDR (.data)
                0x00001252                __data_load_end = (__data_load_start + SIZEOF (.data))

.noinit         0x00800249        0x0
                0x00800249                PROVIDE (__noinit_start, .)
 *(.noinit*)
                0x00800249                PROVIDE (__noinit_end, .)
                0x00800249                _end = .
                0x00800249                PROVIDE (__heap_start, .)

.eeprom         0x00810000        0x0
 *(.eeprom*)
                0x00810000                __eeprom_end = .

.fuse
 *(.fuse)
 *(.lfuse)
 *(.hfuse)
 *(.efuse)

.lock
 *(.lock*)

.signature
 *(.signature*)

.user_signatures
 *(.user_signatures*)

.stab
 *(.stab)

.stabstr
 *(.stabstr)

.stab.excl
 *(.stab.excl)

.stab.exclstr
 *(.stab.exclstr)

.stab.index
 *(.stab.index)

.stab.indexstr
 *(.stab.indexstr)

.comment        0x00000000       0x30
 *(.comment)
 .comment       0x00000000       0x30 AtmegaRom.o
                                 0x31 (size before relaxing)
 .comment       0x00000000       0x31 GlobalServicesTable.o
 .comment       0x00000000       0x31 MotorDriver.o
 .comment       0x00000000       0x31 SerialCommunication.o
 .comment       0x00000000       0x31 SerialDriver.o
 .comment       0x00000000       0x31 TimerDriver.o
 .comment       0x00000000       0x31 TimerEventDispatcher.o

.note.gnu.build-id
 *(.note.gnu.build-id)

.debug
 *(.debug)

.line
 *(.line)

.debug_srcinfo
 *(.debug_srcinfo)

.debug_sfnames
 *(.debug_sfnames)

.debug_aranges
 *(.debug_aranges)

.debug_pubnames
 *(.debug_pubnames)

.debug_info
 *(.debug_info .gnu.linkonce.wi.*)

.debug_abbrev
 *(.debug_abbrev)

.debug_line
 *(.debug_line .debug_line.* .debug_line_end)

.debug_frame
 *(.debug_frame)

.debug_str
 *(.debug_str)

.debug_loc
 *(.debug_loc)

.debug_macinfo
 *(.debug_macinfo)

.debug_weaknames
 *(.debug_weaknames)

.debug_funcnames
 *(.debug_funcnames)

.debug_typenames
 *(.debug_typenames)

.debug_varnames
 *(.debug_varnames)

.debug_pubtypes
 *(.debug_pubtypes)

.debug_ranges
 *(.debug_ranges)

.debug_macro
 *(.debug_macro)
OUTPUT(AtmegaRom.elf elf32-avr)
LOAD linker stubs
